<html>
<body>
<pre>
<h1>µVision Build Log</h1>
<h2>Tool Versions:</h2>
IDE-Version: ¦ÌVision V5.36.0.0
Copyright (C) 2021 ARM Ltd and ARM Germany GmbH. All rights reserved.
License Information: 123 123, 123, LIC=KRMW3-AX1YN-304NC-7IEDG-5YISX-FJVUH
 
Tool Versions:
Toolchain:       MDK-ARM Plus  Version: 5.36.0.0
Toolchain Path:  D:\ruanjian\Keil5\ARM\ARMCC\Bin
C Compiler:      Armcc.exe V5.06 update 7 (build 960)
Assembler:       Armasm.exe V5.06 update 7 (build 960)
Linker/Locator:  ArmLink.exe V5.06 update 7 (build 960)
Library Manager: ArmAr.exe V5.06 update 7 (build 960)
Hex Converter:   FromElf.exe V5.06 update 7 (build 960)
CPU DLL:         SARMCM3.DLL V5.36.0.0
Dialog DLL:      DCM.DLL V1.17.3.0
Target DLL:      STLink\ST-LINKIII-KEIL_SWO.dll V3.0.9.0
Dialog DLL:      TCM.DLL V1.53.0.0
 
<h2>Project:</h2>
D:\Working\_Wangoo_Self_\Project_F407\Project_F407\Project_F407\MCSDK\STM32F407_FOC\MDK-ARM\STM32F407_FOC.uvprojx
Project File Date:  05/02/2026

<h2>Output:</h2>
*** Using Compiler 'V5.06 update 7 (build 960)', folder: 'D:\ruanjian\Keil5\ARM\ARMCC\Bin'
Build target 'STM32F407_FOC'
assembling startup_stm32f407xx.s...
compiling pwm_common.c...
compiling speed_torq_ctrl.c...
compiling pwm_curr_fdbk.c...
compiling motorcontrol.c...
compiling mc_config_common.c...
compiling mc_config.c...
compiling mcp_config.c...
compiling mc_api.c...
compiling mc_tasks_foc.c...
compiling main.c...
compiling mc_tasks.c...
compiling mc_math.c...
compiling regular_conversion_manager.c...
compiling mc_interface.c...
compiling mc_parameters.c...
compiling stm32f4xx_mc_it.c...
compiling mcp.c...
compiling hf_registers.c...
compiling usart_aspep_driver.c...
compiling mc_configuration_registers.c...
compiling sync_registers.c...
compiling stm32_mc_common_it.c...
compiling stm32f4xx_hal_adc_ex.c...
compiling stm32f4xx_hal_rcc_ex.c...
compiling stm32f4xx_hal_flash.c...
compiling stm32f4xx_hal_flash_ex.c...
compiling stm32f4xx_hal_adc.c...
compiling stm32f4xx_hal_rcc.c...
compiling hall_speed_pos_fdbk.c...
compiling stm32f4xx_it.c...
compiling mc_app_hooks.c...
compiling aspep.c...
compiling stm32f4xx_hal_msp.c...
compiling stm32f4xx_hal_flash_ramfunc.c...
compiling stm32f4xx_hal_dma.c...
compiling stm32f4xx_hal_pwr.c...
compiling stm32f4xx_hal_pwr_ex.c...
compiling stm32f4xx_hal_gpio.c...
compiling stm32f4xx_hal_dma_ex.c...
compiling stm32f4xx_hal.c...
compiling stm32f4xx_hal_exti.c...
compiling stm32f4xx_hal_cortex.c...
compiling stm32f4xx_hal_tim_ex.c...
compiling stm32f4xx_hal_tim.c...
compiling system_stm32f4xx.c...
compiling stm32f4xx_hal_uart.c...
compiling digital_output.c...
compiling bus_voltage_sensor.c...
compiling ntc_temperature_sensor.c...
compiling circle_limitation.c...
compiling pqd_motor_power_measurement.c...
compiling open_loop.c...
compiling pid_regulator.c...
compiling ramp_ext_mngr.c...
compiling r_divider_bus_voltage_sensor.c...
compiling speed_pos_fdbk.c...
compiling revup_ctrl.c...
compiling virtual_speed_sensor.c...
compiling mcpa.c...
compiling r3_1_f4xx_pwm_curr_fdbk.c...
linking...
Program Size: Code=23704 RO-data=1508 RW-data=1008 ZI-data=6648  
FromELF: creating hex file...
"STM32F407_FOC\STM32F407_FOC.axf" - 0 Error(s), 0 Warning(s).

<h2>Software Packages used:</h2>

Package Vendor: ARM
                http://www.keil.com/pack/ARM.CMSIS.5.8.0.pack
                ARM.CMSIS.5.8.0
                CMSIS (Common Microcontroller Software Interface Standard)
   * Component: CORE Version: 5.5.0

Package Vendor: Keil
                http://www.keil.com/pack/Keil.STM32F4xx_DFP.2.15.0.pack
                Keil.STM32F4xx_DFP.2.15.0
                STMicroelectronics STM32F4 Series Device Support, Drivers and Examples

<h2>Collection of Component include folders:</h2>
  .\RTE\_STM32F407_FOC
  D:\ruanjian\Keil5\Packs\ARM\CMSIS\5.8.0\CMSIS\Core\Include
  D:\ruanjian\Keil5\Packs\Keil\STM32F4xx_DFP\2.15.0\Drivers\CMSIS\Device\ST\STM32F4xx\Include

<h2>Collection of Component Files used:</h2>

   * Component: ARM::CMSIS:CORE:5.5.0
Build Time Elapsed:  00:01:18
</pre>
</body>
</html>
